// Vitest Snapshot v1, https://vitest.dev/guide/snapshot.html

exports[`Theme toggle component tests > should render correctly 1`] = `
<div>
  <div
    class="theme-toggle on"
    role="button"
    tabindex="0"
  >
    <div
      class="circle"
    >
      <svg
        aria-hidden="true"
        class="icon"
        fill="currentColor"
        focusable="false"
        height="16"
        preserveAspectRatio="xMidYMid meet"
        viewBox="0 0 32 32"
        width="16"
        xmlns="http://www.w3.org/2000/svg"
      >
        <path
          d="M14.98,3a1.0024,1.0024,0,0,0-.1746.0156A13.0959,13.0959,0,0,0,16.63,28.9973c.1641.006.3282,0,.4909,0a13.0724,13.0724,0,0,0,10.702-5.5556,1.0094,1.0094,0,0,0-.7833-1.5644A13.08,13.08,0,0,1,15.8892,4.38,1.0149,1.0149,0,0,0,14.98,3Z"
        />
      </svg>
    </div>
  </div>
</div>
`;

exports[`Theme toggle component tests > should toggle theme when button is clicked 1`] = `
<div>
  <div
    class="theme-toggle on"
    role="button"
    tabindex="0"
  >
    <div
      class="circle"
    >
      <svg
        aria-hidden="true"
        class="icon"
        fill="currentColor"
        focusable="false"
        height="16"
        preserveAspectRatio="xMidYMid meet"
        viewBox="0 0 32 32"
        width="16"
        xmlns="http://www.w3.org/2000/svg"
      >
        <path
          d="M14.98,3a1.0024,1.0024,0,0,0-.1746.0156A13.0959,13.0959,0,0,0,16.63,28.9973c.1641.006.3282,0,.4909,0a13.0724,13.0724,0,0,0,10.702-5.5556,1.0094,1.0094,0,0,0-.7833-1.5644A13.08,13.08,0,0,1,15.8892,4.38,1.0149,1.0149,0,0,0,14.98,3Z"
        />
      </svg>
    </div>
  </div>
</div>
`;
